Run started at: Wed Jun 10 08:46:10 UTC 2026
FLOAT_TYPE: float16
VERSION: 24
======================================
[Playground] Start Testing for GEMM Version 24 with DType float16 ...
[v24dbg] lastWave=80 G=108 (us rel earliest out-of-tiles)
[v24dbg] b000 own out=4880715371.5 kdone=4880715371.4 flag=4880715371.9 exit=4880715379.5
[v24dbg] b001 own out=4913729935.7 kdone=4913729935.7 flag=4913729936.1 exit=4913729943.6
[v24dbg] b002 own out=4894158209.8 kdone=4894158209.7 flag=4894158210.4 exit=4894158218.1
[v24dbg] b003 own out=4908682328.0 kdone=4908682328.0 flag=4908682328.5 exit=4908682336.1
[v24dbg] b004 own out=4916034628.3 kdone=4916034628.2 flag=4916034628.9 exit=4916034635.6
[v24dbg] b005 own out=4914833962.5 kdone=4914833962.4 flag=4914833963.1 exit=4914833970.8
[v24dbg] b006 own out=4915464931.0 kdone=4915464930.9 flag=4915464931.5 exit=4915464939.1
[v24dbg] b007 own out=4880715371.5 kdone=4880715371.4 flag=4880715372.0 exit=4880715379.4
[v24dbg] b008 own out=4913729934.9 kdone=4913729934.9 flag=4913729935.5 exit=4913729943.3
[v24dbg] b009 own out=4894158208.8 kdone=4894158208.8 flag=4894158209.3 exit=4894158216.6
[v24dbg] b010 own out=4908682328.0 kdone=4908682327.9 flag=4908682328.5 exit=4908682336.5
[v24dbg] b011 own out=4916034628.2 kdone=4916034628.2 flag=4916034628.9 exit=4916034635.6
[v24dbg] b012 own out=4914833963.5 kdone=4914833963.4 flag=4914833964.1 exit=4914833971.9
[v24dbg] b013 own out=4915464933.5 kdone=4915464933.4 flag=4915464934.0 exit=4915464941.0
[v24dbg] b014 own out=4880715371.7 kdone=4880715371.7 flag=4880715372.4 exit=4880715379.6
[v24dbg] b015 own out=4913729936.6 kdone=4913729936.5 flag=4913729937.2 exit=4913729944.4
[v24dbg] b016 own out=4894158209.8 kdone=4894158209.7 flag=4894158210.5 exit=4894158217.6
[v24dbg] b017 own out=4908682330.5 kdone=4908682330.4 flag=4908682330.8 exit=4908682337.6
[v24dbg] b018 own out=4916034628.5 kdone=4916034628.4 flag=4916034629.1 exit=4916034635.7
[v24dbg] b019 own out=4914833963.5 kdone=4914833963.4 flag=4914833964.1 exit=4914833971.7
[v24dbg] b020 own out=4915464933.5 kdone=4915464933.4 flag=4915464934.0 exit=4915464941.6
[v24dbg] b021 own out=4880715371.5 kdone=4880715371.4 flag=4880715372.1 exit=4880715379.4
[v24dbg] b022 own out=4913729936.6 kdone=4913729936.5 flag=4913729936.9 exit=4913729944.1
[v24dbg] b023 own out=4894158210.1 kdone=4894158210.0 flag=4894158210.4 exit=4894158217.7
[v24dbg] b024 own out=4908682331.6 kdone=4908682331.5 flag=4908682331.9 exit=4908682338.6
[v24dbg] b025 own out=4916034628.2 kdone=4916034628.2 flag=4916034628.9 exit=4916034635.3
[v24dbg] b026 own out=4914833963.2 kdone=4914833963.2 flag=4914833964.0 exit=4914833971.3
[v24dbg] b027 own out=4915464933.2 kdone=4915464933.1 flag=4915464933.7 exit=4915464941.0
[v24dbg] b028 own out=4880715371.8 kdone=4880715371.7 flag=4880715372.5 exit=4880715378.6
[v24dbg] b029 own out=4913729936.9 kdone=4913729936.8 flag=4913729937.4 exit=4913729943.8
[v24dbg] b030 own out=4894158210.0 kdone=4894158209.9 flag=4894158210.6 exit=4894158216.8
[v24dbg] b031 own out=4908682328.5 kdone=4908682328.4 flag=4908682329.0 exit=4908682335.2
[v24dbg] b032 own out=4916034630.2 kdone=4916034630.2 flag=4916034630.9 exit=4916034636.3
[v24dbg] b033 own out=4914833962.5 kdone=4914833962.4 flag=4914833963.3 exit=4914833969.0
[v24dbg] b034 own out=4915464931.4 kdone=4915464931.3 flag=4915464931.8 exit=4915464937.5
[v24dbg] b035 own out=4880715372.0 kdone=4880715371.9 flag=4880715372.6 exit=4880715379.1
[v24dbg] b036 own out=4913729934.9 kdone=4913729934.9 flag=4913729935.4 exit=4913729941.1
[v24dbg] b037 own out=4894158209.2 kdone=4894158209.2 flag=4894158209.8 exit=4894158215.7
[v24dbg] b038 own out=4908682328.7 kdone=4908682328.7 flag=4908682329.6 exit=4908682335.9
[v24dbg] b039 own out=4916034628.3 kdone=4916034628.2 flag=4916034628.9 exit=4916034634.6
[v24dbg] b040 own out=4914833962.8 kdone=4914833962.7 flag=4914833963.4 exit=4914833969.6
[v24dbg] b041 own out=4915464932.9 kdone=4915464932.8 flag=4915464933.4 exit=4915464940.3
[v24dbg] b042 own out=4880715371.9 kdone=4880715371.9 flag=4880715372.4 exit=4880715379.2
[v24dbg] b043 own out=4913729937.3 kdone=4913729937.2 flag=4913729937.5 exit=4913729943.8
[v24dbg] b044 own out=4894158210.4 kdone=4894158210.3 flag=4894158210.7 exit=4894158216.9
[v24dbg] b045 own out=4908682328.7 kdone=4908682328.6 flag=4908682329.4 exit=4908682335.5
[v24dbg] b046 own out=4916034628.4 kdone=4916034628.3 flag=4916034628.9 exit=4916034634.5
[v24dbg] b047 own out=4914833962.9 kdone=4914833962.8 flag=4914833963.5 exit=4914833969.1
[v24dbg] b048 own out=4915464931.1 kdone=4915464931.0 flag=4915464931.4 exit=4915464937.0
[v24dbg] b049 own out=4880715371.7 kdone=4880715371.6 flag=4880715372.2 exit=4880715378.3
[v24dbg] b050 own out=4913729935.1 kdone=4913729935.0 flag=4913729935.6 exit=4913729942.1
[v24dbg] b051 own out=4894158210.0 kdone=4894158209.9 flag=4894158210.6 exit=4894158217.1
[v24dbg] b052 own out=4908682327.6 kdone=4908682327.5 flag=4908682328.1 exit=4908682334.0
[v24dbg] b053 own out=4916034627.8 kdone=4916034627.7 flag=4916034628.4 exit=4916034633.9
[v24dbg] b054 own out=4880715371.4 kdone=4880715371.4 flag=4880715372.0 exit=4880715378.0
[v24dbg] b055 own out=4913729936.5 kdone=4913729936.4 flag=4913729936.8 exit=4913729943.6
[v24dbg] b056 own out=4894158210.0 kdone=4894158209.9 flag=4894158210.5 exit=4894158216.9
[v24dbg] b057 own out=4908682328.0 kdone=4908682327.9 flag=4908682330.2 exit=4908682336.1
[v24dbg] b058 own out=4916034628.4 kdone=4916034628.3 flag=4916034640.6 exit=4916034646.2
[v24dbg] b059 own out=4914833962.6 kdone=4914833962.5 flag=4914833968.0 exit=4914833973.2
[v24dbg] b060 own out=4915464931.0 kdone=4915464930.9 flag=4915464937.4 exit=4915464942.8
[v24dbg] b061 own out=4880715371.4 kdone=4880715371.3 flag=4880715375.0 exit=4880715380.7
[v24dbg] b062 own out=4913729936.0 kdone=4913729935.9 flag=4913729936.7 exit=4913729943.0
[v24dbg] b063 own out=4894158212.4 kdone=4894158212.3 flag=4894158212.9 exit=4894158218.4
[v24dbg] b064 own out=4908682328.1 kdone=4908682328.0 flag=4908682328.7 exit=4908682334.8
[v24dbg] b065 own out=4916034628.2 kdone=4916034628.1 flag=4916034640.4 exit=4916034646.0
[v24dbg] b066 own out=4914833963.4 kdone=4914833963.3 flag=4914833969.8 exit=4914833975.2
[v24dbg] b067 own out=4915464933.3 kdone=4915464933.3 flag=4915464937.9 exit=4915464943.5
[v24dbg] b068 own out=4880715371.6 kdone=4880715371.5 flag=4880715373.8 exit=4880715379.5
[v24dbg] b069 own out=4913729936.5 kdone=4913729936.4 flag=4913729937.3 exit=4913729943.4
[v24dbg] b070 own out=4894158210.2 kdone=4894158210.1 flag=4894158211.1 exit=4894158217.2
[v24dbg] b071 own out=4908682330.1 kdone=4908682330.0 flag=4908682331.1 exit=4908682337.3
[v24dbg] b072 own out=4916034628.6 kdone=4916034628.5 flag=4916034640.4 exit=4916034645.9
[v24dbg] b073 own out=4914833963.3 kdone=4914833963.2 flag=4914833967.8 exit=4914833973.2
[v24dbg] b074 own out=4915464933.3 kdone=4915464933.2 flag=4915464939.6 exit=4915464945.0
[v24dbg] b075 own out=4880715371.6 kdone=4880715371.5 flag=4880715373.7 exit=4880715379.5
[v24dbg] b076 own out=4913729936.4 kdone=4913729936.3 flag=4913729937.1 exit=4913729943.3
[v24dbg] b077 own out=4894158210.4 kdone=4894158210.3 flag=4894158211.2 exit=4894158217.5
[v24dbg] b078 own out=4908682328.5 kdone=4908682328.4 flag=4908682329.4 exit=4908682335.3
[v24dbg] b079 own out=4916034628.5 kdone=4916034628.5 flag=4916034640.4 exit=4916034645.9
[v24dbg] b080 hlp out=4914833866.6 kdone=4914833959.8 rel =4914833964.1 exit=4914833964.3
[v24dbg] b081 hlp out=4915464836.8 kdone=4915464930.0 rel =4915464934.3 exit=4915464934.5
[v24dbg] b082 hlp out=4880715275.3 kdone=4880715368.6 rel =4880715373.0 exit=4880715373.2
[v24dbg] b083 hlp out=4913729841.1 kdone=4913729934.0 rel =4913729938.6 exit=4913729938.7
[v24dbg] b084 hlp out=4894158112.5 kdone=4894158205.5 rel =4894158210.0 exit=4894158210.2
[v24dbg] b085 hlp out=4908682233.2 kdone=4908682326.8 rel =4908682331.4 exit=4908682331.6
[v24dbg] b086 hlp out=4916034532.5 kdone=4916034626.1 rel =4916034630.6 exit=4916034630.7
[v24dbg] b087 hlp out=4914833866.6 kdone=4914833959.4 rel =4914833964.0 exit=4914833964.1
[v24dbg] b088 hlp out=4915464835.3 kdone=4915464928.5 rel =4915464932.8 exit=4915464933.0
[v24dbg] b089 hlp out=4880715275.4 kdone=4880715368.7 rel =4880715373.0 exit=4880715373.2
[v24dbg] b090 hlp out=4913729841.5 kdone=4913729934.9 rel =4913729939.3 exit=4913729939.5
[v24dbg] b091 hlp out=4894158113.1 kdone=4894158206.4 rel =4894158211.1 exit=4894158211.3
[v24dbg] b092 hlp out=4908682232.7 kdone=4908682326.5 rel =4908682330.9 exit=4908682331.1
[v24dbg] b093 hlp out=4916034532.1 kdone=4916034625.4 rel =4916034629.8 exit=4916034629.9
[v24dbg] b094 hlp out=4914833867.3 kdone=4914833960.1 rel =4914833964.6 exit=4914833964.7
[v24dbg] b095 hlp out=4915464836.9 kdone=4915464930.0 rel =4915464934.6 exit=4915464934.8
[v24dbg] b096 hlp out=4880715275.6 kdone=4880715369.5 rel =4880715373.9 exit=4880715374.1
[v24dbg] b097 hlp out=4913729840.9 kdone=4913729934.5 rel =4913729938.9 exit=4913729939.1
[v24dbg] b098 hlp out=4894158114.3 kdone=4894158207.6 rel =4894158212.3 exit=4894158212.4
[v24dbg] b099 hlp out=4908682232.6 kdone=4908682325.8 rel =4908682330.3 exit=4908682330.4
[v24dbg] b100 hlp out=4916034532.3 kdone=4916034625.8 rel =4916034630.0 exit=4916034630.2
[v24dbg] b101 hlp out=4914833866.3 kdone=4914833959.4 rel =4914833963.9 exit=4914833964.1
[v24dbg] b102 hlp out=4915464835.5 kdone=4915464928.4 rel =4915464932.9 exit=4915464933.0
[v24dbg] b103 hlp out=4880715275.4 kdone=4880715368.6 rel =4880715373.2 exit=4880715373.3
[v24dbg] b104 hlp out=4913729840.8 kdone=4913729902.4 rel =4913729907.0 exit=4913729907.2
[v24dbg] b105 hlp out=4894158114.1 kdone=4894158175.5 rel =4894158180.2 exit=4894158180.4
[v24dbg] b106 hlp out=4908682231.8 kdone=4908682293.5 rel =4908682298.2 exit=4908682298.4
[v24dbg] b107 hlp out=4916034532.7 kdone=4916034594.6 rel =4916034599.1 exit=4916034599.2
[Playground] Calculating Finished
[Playground] Result >>> TFLOPS: 227.34142115586198; Average Error: 4.583587e-05
======================================
Run completed at: Wed Jun 10 08:46:13 UTC 2026
Log saved to: logs/task1_float16_v24_20260610_084610.log
