Run started at: Wed Jun 10 08:41:24 UTC 2026
FLOAT_TYPE: float16
VERSION: 24
======================================
[Playground] Start Testing for GEMM Version 24 with DType float16 ...
[v24dbg] lastWave=80 G=108 (us rel earliest out-of-tiles)
[v24dbg] b000 own out=4862182294.2 kdone=4862182294.1 flag=4862182294.8 exit=4862182315.0
[v24dbg] b001 own out=4895066746.8 kdone=4895066746.7 flag=4895066747.1 exit=4895066766.1
[v24dbg] b002 own out=4875588383.6 kdone=4875588383.5 flag=4875588384.1 exit=4875588403.5
[v24dbg] b003 own out=4890058776.1 kdone=4890058776.0 flag=4890058776.6 exit=4890058795.9
[v24dbg] b004 own out=4897364205.8 kdone=4897364205.7 flag=4897364206.4 exit=4897364225.6
[v24dbg] b005 own out=4896168482.8 kdone=4896168482.8 flag=4896168483.3 exit=4896168501.2
[v24dbg] b006 own out=4896797091.9 kdone=4896797091.8 flag=4896797092.4 exit=4896797111.4
[v24dbg] b007 own out=4862182294.3 kdone=4862182294.2 flag=4862182295.1 exit=4862182315.0
[v24dbg] b008 own out=4895066746.3 kdone=4895066746.3 flag=4895066746.7 exit=4895066766.8
[v24dbg] b009 own out=4875588382.6 kdone=4875588382.5 flag=4875588383.1 exit=4875588402.2
[v24dbg] b010 own out=4890058775.7 kdone=4890058775.6 flag=4890058776.0 exit=4890058795.3
[v24dbg] b011 own out=4897364205.8 kdone=4897364205.7 flag=4897364206.4 exit=4897364227.4
[v24dbg] b012 own out=4896168483.3 kdone=4896168483.2 flag=4896168483.7 exit=4896168503.6
[v24dbg] b013 own out=4896797094.9 kdone=4896797094.8 flag=4896797095.4 exit=4896797115.4
[v24dbg] b014 own out=4862182294.5 kdone=4862182294.4 flag=4862182295.0 exit=4862182315.4
[v24dbg] b015 own out=4895066749.9 kdone=4895066749.8 flag=4895066750.4 exit=4895066769.3
[v24dbg] b016 own out=4875588384.7 kdone=4875588384.6 flag=4875588385.0 exit=4875588405.0
[v24dbg] b017 own out=4890058777.1 kdone=4890058777.0 flag=4890058777.6 exit=4890058797.6
[v24dbg] b018 own out=4897364205.8 kdone=4897364205.8 flag=4897364206.3 exit=4897364224.0
[v24dbg] b019 own out=4896168483.8 kdone=4896168483.7 flag=4896168484.5 exit=4896168503.7
[v24dbg] b020 own out=4896797094.4 kdone=4896797094.3 flag=4896797094.7 exit=4896797114.2
[v24dbg] b021 own out=4862182294.0 kdone=4862182293.9 flag=4862182294.6 exit=4862182313.8
[v24dbg] b022 own out=4895066748.9 kdone=4895066748.8 flag=4895066749.2 exit=4895066769.8
[v24dbg] b023 own out=4875588383.8 kdone=4875588383.7 flag=4875588384.2 exit=4875588403.9
[v24dbg] b024 own out=4890058777.9 kdone=4890058777.8 flag=4890058778.5 exit=4890058797.8
[v24dbg] b025 own out=4897364205.2 kdone=4897364205.1 flag=4897364205.6 exit=4897364224.9
[v24dbg] b026 own out=4896168483.2 kdone=4896168483.1 flag=4896168483.8 exit=4896168502.8
[v24dbg] b027 own out=4896797094.1 kdone=4896797094.0 flag=4896797094.6 exit=4896797114.7
[v24dbg] b028 own out=4862182294.1 kdone=4862182294.0 flag=4862182294.8 exit=4862182308.4
[v24dbg] b029 own out=4895066746.7 kdone=4895066746.6 flag=4895066747.2 exit=4895066761.2
[v24dbg] b030 own out=4875588382.9 kdone=4875588382.8 flag=4875588383.4 exit=4875588397.3
[v24dbg] b031 own out=4890058777.3 kdone=4890058777.2 flag=4890058777.9 exit=4890058791.6
[v24dbg] b032 own out=4897364205.2 kdone=4897364205.1 flag=4897364209.7 exit=4897364223.8
[v24dbg] b033 own out=4896168482.9 kdone=4896168482.8 flag=4896168484.7 exit=4896168498.1
[v24dbg] b034 own out=4896797091.8 kdone=4896797091.8 flag=4896797092.3 exit=4896797105.7
[v24dbg] b035 own out=4862182294.3 kdone=4862182294.2 flag=4862182294.9 exit=4862182308.5
[v24dbg] b036 own out=4895066746.0 kdone=4895066745.9 flag=4895066746.5 exit=4895066759.7
[v24dbg] b037 own out=4875588383.0 kdone=4875588382.9 flag=4875588383.5 exit=4875588397.6
[v24dbg] b038 own out=4890058776.2 kdone=4890058776.1 flag=4890058776.6 exit=4890058790.4
[v24dbg] b039 own out=4897364205.7 kdone=4897364205.6 flag=4897364210.8 exit=4897364224.6
[v24dbg] b040 own out=4896168483.0 kdone=4896168482.9 flag=4896168484.7 exit=4896168499.1
[v24dbg] b041 own out=4896797093.9 kdone=4896797093.8 flag=4896797094.4 exit=4896797108.4
[v24dbg] b042 own out=4862182294.5 kdone=4862182294.5 flag=4862182295.2 exit=4862182308.6
[v24dbg] b043 own out=4895066747.5 kdone=4895066747.4 flag=4895066747.9 exit=4895066761.8
[v24dbg] b044 own out=4875588383.0 kdone=4875588382.9 flag=4875588383.5 exit=4875588397.0
[v24dbg] b045 own out=4890058777.3 kdone=4890058777.2 flag=4890058777.9 exit=4890058791.4
[v24dbg] b046 own out=4897364205.5 kdone=4897364205.4 flag=4897364215.9 exit=4897364230.1
[v24dbg] b047 own out=4896168483.5 kdone=4896168483.4 flag=4896168484.7 exit=4896168498.4
[v24dbg] b048 own out=4896797092.6 kdone=4896797092.5 flag=4896797093.1 exit=4896797106.8
[v24dbg] b049 own out=4862182294.1 kdone=4862182294.0 flag=4862182294.7 exit=4862182309.1
[v24dbg] b050 own out=4895066747.1 kdone=4895066747.0 flag=4895066747.8 exit=4895066761.6
[v24dbg] b051 own out=4875588384.3 kdone=4875588384.2 flag=4875588384.8 exit=4875588398.6
[v24dbg] b052 own out=4890058776.2 kdone=4890058776.1 flag=4890058776.7 exit=4890058790.5
[v24dbg] b053 own out=4897364205.9 kdone=4897364205.8 flag=4897364210.8 exit=4897364225.0
[v24dbg] b054 own out=4862182294.1 kdone=4862182294.0 flag=4862182294.7 exit=4862182308.0
[v24dbg] b055 own out=4895066747.7 kdone=4895066747.7 flag=4895066748.3 exit=4895066762.3
[v24dbg] b056 own out=4875588383.5 kdone=4875588383.5 flag=4875588424.3 exit=4875588437.4
[v24dbg] b057 own out=4890058777.0 kdone=4890058776.9 flag=4890058818.4 exit=4890058831.7
[v24dbg] b058 own out=4897364205.9 kdone=4897364205.8 flag=4897364256.8 exit=4897364270.5
[v24dbg] b059 own out=4896168482.8 kdone=4896168482.8 flag=4896168530.8 exit=4896168543.8
[v24dbg] b060 own out=4896797092.1 kdone=4896797092.0 flag=4896797140.1 exit=4896797153.5
[v24dbg] b061 own out=4862182294.3 kdone=4862182294.2 flag=4862182340.2 exit=4862182354.0
[v24dbg] b062 own out=4895066746.8 kdone=4895066746.7 flag=4895066784.0 exit=4895066797.6
[v24dbg] b063 own out=4875588383.0 kdone=4875588382.9 flag=4875588424.4 exit=4875588438.0
[v24dbg] b064 own out=4890058778.3 kdone=4890058778.2 flag=4890058818.5 exit=4890058832.0
[v24dbg] b065 own out=4897364205.8 kdone=4897364205.7 flag=4897364256.7 exit=4897364270.4
[v24dbg] b066 own out=4896168483.4 kdone=4896168483.3 flag=4896168530.7 exit=4896168544.5
[v24dbg] b067 own out=4896797094.8 kdone=4896797094.7 flag=4896797140.2 exit=4896797153.7
[v24dbg] b068 own out=4862182294.6 kdone=4862182294.5 flag=4862182340.1 exit=4862182353.9
[v24dbg] b069 own out=4895066749.8 kdone=4895066749.7 flag=4895066784.2 exit=4895066797.7
[v24dbg] b070 own out=4875588386.3 kdone=4875588386.2 flag=4875588424.5 exit=4875588437.5
[v24dbg] b071 own out=4890058777.5 kdone=4890058777.5 flag=4890058818.5 exit=4890058832.2
[v24dbg] b072 own out=4897364205.8 kdone=4897364205.7 flag=4897364256.7 exit=4897364270.3
[v24dbg] b073 own out=4896168483.7 kdone=4896168483.6 flag=4896168530.7 exit=4896168544.2
[v24dbg] b074 own out=4896797094.3 kdone=4896797094.2 flag=4896797144.3 exit=4896797157.9
[v24dbg] b075 own out=4862182294.1 kdone=4862182294.0 flag=4862182340.1 exit=4862182353.8
[v24dbg] b076 own out=4895066748.1 kdone=4895066748.0 flag=4895066784.1 exit=4895066797.7
[v24dbg] b077 own out=4875588383.8 kdone=4875588383.7 flag=4875588424.5 exit=4875588438.1
[v24dbg] b078 own out=4890058777.4 kdone=4890058777.3 flag=4890058818.5 exit=4890058831.8
[v24dbg] b079 own out=4897364205.4 kdone=4897364205.3 flag=4897364256.7 exit=4897364270.1
[v24dbg] b080 hlp out=4896168388.8 kdone=4896168509.4 rel =4896168524.7 exit=4896168524.9
[v24dbg] b081 hlp out=4896796999.3 kdone=4896797119.8 rel =4896797135.0 exit=4896797135.1
[v24dbg] b082 hlp out=4862182199.9 kdone=4862182320.8 rel =4862182336.0 exit=4862182336.2
[v24dbg] b083 hlp out=4895066652.8 kdone=4895066773.2 rel =4895066788.4 exit=4895066788.6
[v24dbg] b084 hlp out=4875588287.9 kdone=4875588408.9 rel =4875588424.2 exit=4875588424.4
[v24dbg] b085 hlp out=4890058683.2 kdone=4890058803.8 rel =4890058819.2 exit=4890058819.4
[v24dbg] b086 hlp out=4897364111.2 kdone=4897364232.2 rel =4897364247.4 exit=4897364247.5
[v24dbg] b087 hlp out=4896168388.7 kdone=4896168509.0 rel =4896168524.4 exit=4896168524.5
[v24dbg] b088 hlp out=4896796997.5 kdone=4896797118.0 rel =4896797133.3 exit=4896797133.4
[v24dbg] b089 hlp out=4862182199.9 kdone=4862182320.6 rel =4862182335.8 exit=4862182336.0
[v24dbg] b090 hlp out=4895066652.3 kdone=4895066772.9 rel =4895066788.3 exit=4895066788.5
[v24dbg] b091 hlp out=4875588288.7 kdone=4875588409.8 rel =4875588424.9 exit=4875588425.1
[v24dbg] b092 hlp out=4890058682.5 kdone=4890058803.3 rel =4890058818.7 exit=4890058818.9
[v24dbg] b093 hlp out=4897364111.5 kdone=4897364232.3 rel =4897364247.7 exit=4897364247.9
[v24dbg] b094 hlp out=4896168389.0 kdone=4896168509.5 rel =4896168524.7 exit=4896168524.9
[v24dbg] b095 hlp out=4896796999.9 kdone=4896797120.4 rel =4896797135.6 exit=4896797135.8
[v24dbg] b096 hlp out=4862182199.8 kdone=4862182320.8 rel =4862182336.1 exit=4862182336.3
[v24dbg] b097 hlp out=4895066653.3 kdone=4895066773.8 rel =4895066789.1 exit=4895066789.3
[v24dbg] b098 hlp out=4875588291.7 kdone=4875588413.0 rel =4875588428.3 exit=4875588428.5
[v24dbg] b099 hlp out=4890058683.1 kdone=4890058803.8 rel =4890058819.1 exit=4890058819.2
[v24dbg] b100 hlp out=4897364111.0 kdone=4897364231.8 rel =4897364247.0 exit=4897364247.1
[v24dbg] b101 hlp out=4896168389.4 kdone=4896168509.9 rel =4896168525.0 exit=4896168525.2
[v24dbg] b102 hlp out=4896796997.9 kdone=4896797118.9 rel =4896797134.0 exit=4896797134.2
[v24dbg] b103 hlp out=4862182199.9 kdone=4862182320.8 rel =4862182336.2 exit=4862182336.3
[v24dbg] b104 hlp out=4895066653.5 kdone=4895066729.7 rel =4895066744.9 exit=4895066745.1
[v24dbg] b105 hlp out=4875588289.6 kdone=4875588365.8 rel =4875588381.2 exit=4875588381.4
[v24dbg] b106 hlp out=4890058682.3 kdone=4890058758.6 rel =4890058773.8 exit=4890058774.0
[v24dbg] b107 hlp out=4897364111.7 kdone=4897364188.2 rel =4897364203.5 exit=4897364203.6
[Playground] Calculating Finished
[Playground] Result >>> TFLOPS: 210.82535265192533; Average Error: 4.3282886e-05
======================================
Run completed at: Wed Jun 10 08:41:28 UTC 2026
Log saved to: logs/task1_float16_v24_20260610_084124.log
